###############################################################################
#
# IAR ELF Linker V3.11.1.207 for STM8                     15/Aug/2019  15:28:04
# Copyright 2010-2019 IAR Systems AB.
#
#    Output file  =  
#        E:\download\Thuc\project\FPT_LAB\FPT_Lab\autosar_doc\final project
#        autosar\Finally-Assignment-AUTOSAR-\IAR_Project\Debug\Exe\SPI_Driver.out
#    Map file     =  
#        E:\download\Thuc\project\FPT_LAB\FPT_Lab\autosar_doc\final project
#        autosar\Finally-Assignment-AUTOSAR-\IAR_Project\Debug\List\SPI_Driver.map
#    Command line =  
#        -f C:\Users\17521\AppData\Local\Temp\EW4A47.tmp
#        ("E:\download\Thuc\project\FPT_LAB\FPT_Lab\autosar_doc\final project
#        autosar\Finally-Assignment-AUTOSAR-\IAR_Project\Debug\Obj\clk.o"
#        "E:\download\Thuc\project\FPT_LAB\FPT_Lab\autosar_doc\final project
#        autosar\Finally-Assignment-AUTOSAR-\IAR_Project\Debug\Obj\exti.o"
#        "E:\download\Thuc\project\FPT_LAB\FPT_Lab\autosar_doc\final project
#        autosar\Finally-Assignment-AUTOSAR-\IAR_Project\Debug\Obj\gpio.o"
#        "E:\download\Thuc\project\FPT_LAB\FPT_Lab\autosar_doc\final project
#        autosar\Finally-Assignment-AUTOSAR-\IAR_Project\Debug\Obj\itc.o"
#        "E:\download\Thuc\project\FPT_LAB\FPT_Lab\autosar_doc\final project
#        autosar\Finally-Assignment-AUTOSAR-\IAR_Project\Debug\Obj\main.o"
#        "E:\download\Thuc\project\FPT_LAB\FPT_Lab\autosar_doc\final project
#        autosar\Finally-Assignment-AUTOSAR-\IAR_Project\Debug\Obj\Spi.o"
#        "E:\download\Thuc\project\FPT_LAB\FPT_Lab\autosar_doc\final project
#        autosar\Finally-Assignment-AUTOSAR-\IAR_Project\Debug\Obj\spi_hw.o"
#        "E:\download\Thuc\project\FPT_LAB\FPT_Lab\autosar_doc\final project
#        autosar\Finally-Assignment-AUTOSAR-\IAR_Project\Debug\Obj\tim4.o"
#        --redirect _Printf=_PrintfSmall --redirect _Scanf=_ScanfSmall
#        --no_out_extension -o
#        "E:\download\Thuc\project\FPT_LAB\FPT_Lab\autosar_doc\final project
#        autosar\Finally-Assignment-AUTOSAR-\IAR_Project\Debug\Exe\SPI_Driver.out"
#        --map "E:\download\Thuc\project\FPT_LAB\FPT_Lab\autosar_doc\final
#        project
#        autosar\Finally-Assignment-AUTOSAR-\IAR_Project\Debug\List\SPI_Driver.map"
#        --config "C:\Program Files (x86)\IAR Systems\Embedded Workbench
#        8.3_2\stm8\config\lnkstm8l152k6.icf" --config_def _CSTACK_SIZE=0x100
#        --config_def _HEAP_SIZE=0x100 --entry __iar_program_start --debug_lib)
#
###############################################################################

*******************************************************************************
*** RUNTIME MODEL ATTRIBUTES
***

__SystemLibrary            = DLib
__code_model               = small
__core                     = stm8
__data_model               = medium
__dlib_file_descriptor     = 0
__dlib_full_locale_support = 0
__rt_version               = 4


*******************************************************************************
*** PLACEMENT SUMMARY
***

"A0":  place at start of [0x000000-0x0000ff] { rw section .vregs };
"A1":  place at end of [0x000000-0x0007ff] { block CSTACK };
"P2":  place in [from 0x000000 to 0x0007ff] {
          block HEAP, rw section __DLIB_PERTHREAD, rw section .far.bss,
          rw section .far.data, rw section .far.noinit,
          rw section .far_func.textrw, rw section .huge.bss,
          rw section .huge.data, rw section .huge.noinit,
          rw section .huge_func.textrw, rw section .iar.dynexit,
          rw section .near.bss, rw section .near.data, rw section .near.noinit,
          rw section .near_func.textrw };
"A2":  place at start of [0x008000-0x00ffff] { block INTVEC };
"P3":  place in [from 0x008000 to 0x00ffff] {
          ro section __DLIB_PERTHREAD_init, ro section .far.data_init,
          ro section .far_func.textrw_init, ro section .huge.data_init,
          ro section .huge_func.textrw_init, ro section .iar.init_table,
          ro section .init_array, ro section .near.data_init,
          ro section .near.rodata, ro section .near_func.text,
          ro section .near_func.textrw_init, ro section .tiny.data_init,
          ro section .tiny.rodata_init };
"P4":  place in [from 0x008000 to 0x00ffff] {
          ro section .far.rodata, ro section .far_func.text };
"P5":  place in [from 0x008000 to 0x00ffff] {
          ro section .huge.rodata, ro section .huge_func.text };
do not initialize {
   rw section .eeprom.noinit, rw section .far.noinit, rw section .huge.noinit,
   rw section .near.noinit, rw section .tiny.noinit, rw section .vregs };
initialize by copy {
   rw section .far.bss, rw section .far.data, rw section .far_func.textrw,
   rw section .huge.bss, rw section .huge.data, rw section .huge_func.textrw,
   rw section .iar.dynexit, rw section .near.bss, rw section .near.data,
   rw section .near_func.textrw, rw section .tiny.bss, rw section .tiny.data,
   ro section .tiny.rodata };

No sections matched the following patterns:

  ro section .far.data_init          in "P3-P5"
  ro section .far.rodata             in "P3-P5"
  ro section .far_func.text          in "P3-P5"
  ro section .far_func.textrw_init   in "P3-P5"
  ro section .huge.data_init         in "P3-P5"
  ro section .huge.rodata            in "P3-P5"
  ro section .huge_func.text         in "P3-P5"
  ro section .huge_func.textrw_init  in "P3-P5"
  ro section .iar.init_table         in "P3-P5"
  ro section .init_array             in "P3-P5"
  ro section .near_func.textrw_init  in "P3-P5"
  ro section .tiny.data_init         in "P3-P5"
  ro section .tiny.rodata_init       in "P3-P5"
  ro section __DLIB_PERTHREAD_init   in "P3-P5"
  rw section .far.bss                in "P2"
  rw section .far.data               in "P2"
  rw section .far.noinit             in "P2"
  rw section .far_func.textrw        in "P2"
  rw section .huge.bss               in "P2"
  rw section .huge.data              in "P2"
  rw section .huge.noinit            in "P2"
  rw section .huge_func.textrw       in "P2"
  rw section .iar.dynexit            in "P2"
  rw section .near.noinit            in "P2"
  rw section .near_func.textrw       in "P2"
  rw section .tiny.bss               in "P1"
  rw section .tiny.data              in "P1"
  rw section .tiny.noinit            in "P1"
  rw section .tiny.rodata            in "P1"
  rw section __DLIB_PERTHREAD        in "P2"
  section .eeprom.data               in "P6-P8"
  section .eeprom.noinit             in "P6-P8"
  section .eeprom.rodata             in "P6-P8"


  Section            Kind      Address   Size  Object
  -------            ----      -------   ----  ------
"A0":                                    0x10
  .vregs             uninit   0x000000   0x10  vregs.o [4]
                            - 0x000010   0x10

"P2", part 1 of 2:                        0x1
  P2-1                        0x000010    0x1  <Init block>
    .near.data       inited   0x000010    0x1  main.o [1]
                            - 0x000011    0x1

"P2", part 2 of 2:                      0x395
  .near.bss          zero     0x000011  0x31b  main.o [1]
  .near.bss          zero     0x00032c   0x46  main.o [1]
  .near.bss          zero     0x000372   0x16  main.o [1]
  .near.bss          zero     0x000388   0x10  main.o [1]
  .near.bss          zero     0x000398    0xa  main.o [1]
  .near.bss          zero     0x0003a2    0x4  tim4.o [1]
                            - 0x0003a6  0x395

"A1":                                   0x100
  CSTACK                      0x000700  0x100  <Block>
    CSTACK           uninit   0x000700  0x100  <Block tail>
                            - 0x000800  0x100

"A2":                                    0x80
  INTVEC                      0x008000   0x80  <Block>
    .intvec          const    0x008000   0x80  interrupt.o [4]
                            - 0x008080   0x80

"P3-P5":                                0xfc3
  .near_func.text    ro code  0x008080  0x3a5  xprintfsmall.o [4]
  .near_func.text    ro code  0x008425  0x274  main.o [1]
  .near_func.text    ro code  0x008699  0x1cb  Spi.o [1]
  .near_func.text    ro code  0x008864  0x176  xprintfsmall.o [4]
  .near_func.text    ro code  0x0089da   0xd1  vreg_util.o [4]
  .near_func.text    ro code  0x008aab   0xc3  long.o [4]
  .near_func.text    ro code  0x008b6e   0x47  main.o [1]
  .near_func.text    ro code  0x008bb5   0x45  gpio.o [1]
  .near_func.text    ro code  0x008bfa   0x45  Spi.o [1]
  .near_func.text    ro code  0x008c3f   0x3d  xprintfsmall.o [4]
  .near_func.text    ro code  0x008c7c   0x3b  long_util.o [4]
  .near_func.text    ro code  0x008cb7   0x38  spi_hw.o [1]
  .near_func.text    ro code  0x008cef   0x37  xprintfsmall.o [4]
  .near_func.text    ro code  0x008d26   0x35  xprintfsmall.o [4]
  .near_func.text    ro code  0x008d5b   0x31  clk.o [1]
  .near_func.text    ro code  0x008d8c   0x2f  xprintfsmall.o [4]
  .near_func.text    ro code  0x008dbb   0x2b  main.o [1]
  .near_func.text    ro code  0x008de6   0x28  init_small.o [4]
  .near_func.text    ro code  0x008e0e   0x27  putchar.o [4]
  .near_func.text    ro code  0x008e35   0x21  memchr.o [4]
  .iar.init_table    const    0x008e56   0x12  - Linker created -
  .near_func.text    ro code  0x008e68   0x20  Spi.o [1]
  .near_func.text    ro code  0x008e88   0x1e  short.o [4]
  .near_func.text    ro code  0x008ea6   0x1e  init_small.o [4]
  .near_func.text    ro code  0x008ec4   0x1d  printf.o [4]
  .near_func.text    ro code  0x008ee1   0x1b  xprout.o [4]
  .near_func.text    ro code  0x008efc   0x1a  main.o [1]
  .near_func.text    ro code  0x008f16   0x19  tim4.o [1]
  .near_func.text    ro code  0x008f2f   0x16  __dbg_xxdwrite.o [3]
  .near_func.text    ro code  0x008f45   0x15  strchr.o [4]
  .near_func.text    ro code  0x008f5a   0x14  init.o [4]
  .near_func.text    ro code  0x008f6e   0x14  xprintfsmall.o [4]
  .near_func.text    ro code  0x008f82   0x14  __dbg_xxexit.o [3]
  .near_func.text    ro code  0x008f96   0x13  cstartup.o [4]
  .near_func.text    ro code  0x008fa9    0xd  spi_hw.o [1]
  .near_func.text    ro code  0x008fb6    0xd  strlen.o [4]
  .near_func.text    ro code  0x008fc3    0xc  spi_hw.o [1]
  .near_func.text    ro code  0x008fcf    0xb  xprintfsmall.o [4]
  .near_func.text    ro code  0x008fda    0xa  xprintfsmall.o [4]
  .near.rodata       const    0x008fe4    0x9  Spi.o [1]
  .near_func.text    ro code  0x008fed    0x9  exti.o [1]
  .near_func.text    ro code  0x008ff6    0x9  itc.o [1]
  .near_func.text    ro code  0x008fff    0x9  xprintfsmall.o [4]
  .near_func.text    ro code  0x009008    0x9  __dbg_xxwrite.o [3]
  .near_func.text    ro code  0x009011    0x8  xprintfsmall.o [4]
  .near.rodata       const    0x009019    0x7  xprintfsmall.o [4]
  .near_func.text    ro code  0x009020    0x6  xprintfsmall.o [4]
  .near_func.text    ro code  0x009026    0x6  xprintfsmall.o [4]
  .near_func.text    ro code  0x00902c    0x5  cexit.o [4]
  .near_func.text    ro code  0x009031    0x3  interrupt.o [4]
  .near_func.text    ro code  0x009034    0x3  low_level_init.o [4]
  .near_func.text    ro code  0x009037    0x3  exit.o [4]
  .near_func.text    ro code  0x00903a    0x3  unhandled_exception.o [4]
  .near_func.text    ro code  0x00903d    0x1  main.o [1]
  .near_func.text    ro code  0x00903e    0x1  main.o [1]
  .near_func.text    ro code  0x00903f    0x1  Spi.o [1]
  .near_func.text    ro code  0x009040    0x1  Spi.o [1]
  .near_func.text    ro code  0x009041    0x1  __dbg_break.o [3]
  Initializer bytes  const    0x009042    0x1  <for P2-1>
                            - 0x009043  0xfc3


*******************************************************************************
*** INIT TABLE
***

          Address   Size
          -------   ----
Zero (__iar_zero_init2)
    1 destination range, total size 0x395:
          0x000011  0x395

Copy (__iar_copy_init2)
    1 source range, total size 0x1:
          0x009042    0x1
    1 destination range, total size 0x1:
          0x000010    0x1



*******************************************************************************
*** MODULE SUMMARY
***

    Module                 ro code  ro data  rw data
    ------                 -------  -------  -------
E:\download\Thuc\project\FPT_LAB\FPT_Lab\autosar_doc\final project autosar\Finally-Assignment-AUTOSAR-\IAR_Project\Debug\Obj: [1]
    Spi.o                      562        9
    clk.o                       49
    exti.o                       9
    gpio.o                      69
    itc.o                        9
    main.o                     770        1      914
    spi_hw.o                    81
    tim4.o                      25                 4
    ------------------------------------------------
    Total:                   1 574       10      918

command line: [2]
    ------------------------------------------------
    Total:

dbgstm8smd.a: [3]
    __dbg_break.o                1
    __dbg_xxdwrite.o            22
    __dbg_xxexit.o              20
    __dbg_xxwrite.o              9
    ------------------------------------------------
    Total:                      52

dlstm8smn.a: [4]
    cexit.o                      5
    cstartup.o                  19
    exit.o                       3
    init.o                      20
    init_small.o                70
    interrupt.o                  3      128
    long.o                     195
    long_util.o                 59
    low_level_init.o             3
    memchr.o                    33
    printf.o                    29
    putchar.o                   39
    short.o                     30
    strchr.o                    21
    strlen.o                    13
    unhandled_exception.o        3
    vreg_util.o                209
    vregs.o                                       16
    xprintfsmall.o           1 593        7
    xprout.o                    27
    ------------------------------------------------
    Total:                   2 374      135       16

    Linker created                       18      256
----------------------------------------------------
    Grand Total:             4 000      163    1 190


*******************************************************************************
*** ENTRY LIST
***

Entry                    Address   Size  Type      Object
-----                    -------   ----  ----      ------
.iar.init_table$$Base   0x008e56          --   Gb  - Linker created -
.iar.init_table$$Limit  0x008e68          --   Gb  - Linker created -
?and32_l0_l0_0x         0x008b3e         Code  Gb  long.o [4]
?and32_l0_l0_l1         0x008b3b         Code  Gb  long.o [4]
?b0                     0x000000         Data  Gb  vregs.o [4]
?b1                     0x000001         Data  Gb  vregs.o [4]
?b10                    0x00000a         Data  Gb  vregs.o [4]
?b11                    0x00000b         Data  Gb  vregs.o [4]
?b12                    0x00000c         Data  Gb  vregs.o [4]
?b13                    0x00000d         Data  Gb  vregs.o [4]
?b14                    0x00000e         Data  Gb  vregs.o [4]
?b15                    0x00000f         Data  Gb  vregs.o [4]
?b2                     0x000002         Data  Gb  vregs.o [4]
?b3                     0x000003         Data  Gb  vregs.o [4]
?b4                     0x000004         Data  Gb  vregs.o [4]
?b5                     0x000005         Data  Gb  vregs.o [4]
?b6                     0x000006         Data  Gb  vregs.o [4]
?b7                     0x000007         Data  Gb  vregs.o [4]
?b8                     0x000008         Data  Gb  vregs.o [4]
?b9                     0x000009         Data  Gb  vregs.o [4]
?e0                     0x000001         Data  Gb  vregs.o [4]
?e1                     0x000005         Data  Gb  vregs.o [4]
?e2                     0x000009         Data  Gb  vregs.o [4]
?e3                     0x00000d         Data  Gb  vregs.o [4]
?epilogue_l2            0x008a60         Code  Gb  vreg_util.o [4]
?epilogue_w4            0x008a64         Code  Gb  vreg_util.o [4]
?inc32_0x_0x            0x008ac0         Code  Gb  long.o [4]
?inc32_l0_l0            0x008abb         Code  Gb  long.o [4]
?l0                     0x000000         Data  Gb  vregs.o [4]
?l1                     0x000004         Data  Gb  vregs.o [4]
?l2                     0x000008         Data  Gb  vregs.o [4]
?l3                     0x00000c         Data  Gb  vregs.o [4]
?load32_0x_l0           0x008ca9         Code  Gb  long_util.o [4]
?load32_asp_l0          0x008c9d         Code  Gb  long_util.o [4]
?load32_dbsp_l0         0x008c98         Code  Gb  long_util.o [4]
?load32_l0_0x           0x008c8c         Code  Gb  long_util.o [4]
?load32_l0_asp          0x008c81         Code  Gb  long_util.o [4]
?load32_l0_dbsp         0x008c7c         Code  Gb  long_util.o [4]
?load32_l0_xsp          0x008c83         Code  Gb  long_util.o [4]
?load32_xsp_l0          0x008c9f         Code  Gb  long_util.o [4]
?mov_e0_e2              0x008a87         Code  Gb  vreg_util.o [4]
?mov_e1_e0              0x008a94         Code  Gb  vreg_util.o [4]
?mov_e2_e0              0x008aa1         Code  Gb  vreg_util.o [4]
?mov_l0_l2              0x008a84         Code  Gb  vreg_util.o [4]
?mov_l1_l0              0x008a91         Code  Gb  vreg_util.o [4]
?mov_l2_l0              0x008a9e         Code  Gb  vreg_util.o [4]
?mov_w0_w5              0x008a68         Code  Gb  vreg_util.o [4]
?mov_w1_w5              0x008a8a         Code  Gb  vreg_util.o [4]
?mov_w3_w1              0x008a97         Code  Gb  vreg_util.o [4]
?mov_w4_w0              0x008a6f         Code  Gb  vreg_util.o [4]
?mov_w4_w1              0x008a76         Code  Gb  vreg_util.o [4]
?mov_w5_w0              0x008a7d         Code  Gb  vreg_util.o [4]
?mov_w5_w1              0x008aa4         Code  Gb  vreg_util.o [4]
?mul16_x_x_w0           0x008e88         Code  Gb  short.o [4]
?neg32_l0_l0            0x008aab         Code  Gb  long.o [4]
?pop_l0                 0x008a37         Code  Gb  vreg_util.o [4]
?pop_l1                 0x008a42         Code  Gb  vreg_util.o [4]
?pop_l2                 0x008a4d         Code  Gb  vreg_util.o [4]
?pop_w4                 0x0089fc         Code  Gb  vreg_util.o [4]
?push_l0                0x008a0b         Code  Gb  vreg_util.o [4]
?push_l1                0x008a10         Code  Gb  vreg_util.o [4]
?push_l2                0x008a15         Code  Gb  vreg_util.o [4]
?push_w0                0x0089da         Code  Gb  vreg_util.o [4]
?push_w1                0x0089df         Code  Gb  vreg_util.o [4]
?push_w4                0x0089e4         Code  Gb  vreg_util.o [4]
?sext32_l0_a            0x008b61         Code  Gb  long.o [4]
?sext32_l0_x            0x008b56         Code  Gb  long.o [4]
?udiv32_l0_l0_l1        0x008ace         Code  Gb  long.o [4]
?umod32_l1_l0_l1        0x008ace         Code  Gb  long.o [4]
?w0                     0x000000         Data  Gb  vregs.o [4]
?w1                     0x000002         Data  Gb  vregs.o [4]
?w2                     0x000004         Data  Gb  vregs.o [4]
?w3                     0x000006         Data  Gb  vregs.o [4]
?w4                     0x000008         Data  Gb  vregs.o [4]
?w5                     0x00000a         Data  Gb  vregs.o [4]
?w6                     0x00000c         Data  Gb  vregs.o [4]
?w7                     0x00000e         Data  Gb  vregs.o [4]
CSTACK$$Base            0x000700          --   Gb  - Linker created -
CSTACK$$Limit           0x000800          --   Gb  - Linker created -
Clk_Init                0x008d5b   0x31  Code  Gb  clk.o [1]
EXTI_Handle_Bit_1       0x008b6e   0x47  Code  Gb  main.o [1]
Exti_Init               0x008fed    0x9  Code  Gb  exti.o [1]
GPIO_Init               0x008bb5   0x45  Code  Gb  gpio.o [1]
Handle_Job_Finish_1     0x00903d    0x1  Code  Gb  main.o [1]
Handle_Job_Finish_2     0x00903e    0x1  Code  Gb  main.o [1]
INTVEC$$Base            0x008000          --   Gb  - Linker created -
INTVEC$$Limit           0x008080          --   Gb  - Linker created -
Itc_Init                0x008ff6    0x9  Code  Gb  itc.o [1]
LoadInt                 0x008c3f   0x3d  Code  Lc  xprintfsmall.o [4]
Region$$Table$$Base     0x008e56          --   Gb  - Linker created -
Region$$Table$$Limit    0x008e68          --   Gb  - Linker created -
SPI_Config              0x008425  0x274  Code  Gb  main.o [1]
SPI_HW_Cmd              0x008fa9    0xd  Code  Gb  spi_hw.o [1]
SPI_HW_Init             0x008cb7   0x38  Code  Gb  spi_hw.o [1]
SPI_HW_Transync         0x008fc3    0xc  Code  Gb  spi_hw.o [1]
Spi_HW_Transaction      0x008e68   0x20  Code  Gb  Spi.o [1]
Spi_Init                0x008bfb   0x44  Code  Gb  Spi.o [1]
Spi_Transaction         0x008699  0x1c6  Code  Gb  Spi.o [1]
Spi_WriteIB             0x00885f    0x5  Code  Gb  Spi.o [1]
TIM4_UPD_OVF_TRG_IRQHandler
                        0x008efc   0x1a  Code  Gb  main.o [1]
Tim4_Init               0x008f16   0x19  Code  Gb  tim4.o [1]
_LitobSmall             0x008864  0x176  Code  Lc  xprintfsmall.o [4]
_PrintfSmall            0x008080  0x3a5  Code  Gb  xprintfsmall.o [4]
_Prout                  0x008ee1   0x1b  Code  Gb  xprout.o [4]
_PutcharSmall           0x008d8c   0x2f  Code  Lc  xprintfsmall.o [4]
_PutcharsSmall          0x008d26   0x35  Code  Lc  xprintfsmall.o [4]
__DebugBreak            0x009041    0x1  Code  Gb  __dbg_break.o [3]
__dwrite                0x008f2f   0x16  Code  Gb  __dbg_xxdwrite.o [3]
__exit                  0x008f82   0x14  Code  Gb  __dbg_xxexit.o [3]
__iar_Memchr            0x008e35   0x21  Code  Gb  memchr.o [4]
__iar_Strchr            0x008f45   0x15  Code  Gb  strchr.o [4]
__iar_copy_init2        0x008de6         Code  Gb  init_small.o [4]
__iar_data_init2        0x008f5a   0x14  Code  Gb  init.o [4]
__iar_program_start     0x008f96         Code  Gb  cstartup.o [4]
__iar_unhandled_exception
                        0x00903a         Code  Gb  unhandled_exception.o [4]
__iar_zero_init2        0x008ea6         Code  Gb  init_small.o [4]
__intvec                0x008000         Data  Gb  interrupt.o [4]
__low_level_init        0x009034    0x3  Code  Gb  low_level_init.o [4]
__write                 0x009008    0x9  Code  Gb  __dbg_xxwrite.o [3]
_exit                   0x00902c         Code  Gb  cexit.o [4]
_interrupt_11           0x008b6e         Code  Gb  main.o [1]
_interrupt_27           0x008efc         Code  Gb  main.o [1]
count                   0x000010    0x1  Data  Gb  main.o [1]
exit                    0x009037    0x3  Code  Gb  exit.o [4]
main                    0x008dbb   0x2b  Code  Gb  main.o [1]
pad                     0x008cef   0x37  Code  Lc  xprintfsmall.o [4]
printf                  0x008ec4   0x1d  Code  Gb  printf.o [4]
putchar                 0x008e0e   0x27  Code  Gb  putchar.o [4]
setDriverStatus         0x008bfa    0x1  Code  Gb  Spi.o [1]
setJobStatus            0x00903f    0x1  Code  Gb  Spi.o [1]
setSequenceStatus       0x009040    0x1  Code  Gb  Spi.o [1]
spiBuffer               0x000388   0x10  Data  Gb  main.o [1]
spiChannel              0x00032c   0x46  Data  Gb  main.o [1]
spiDriver               0x000398    0xa  Data  Gb  main.o [1]
spiJob                  0x000011  0x31b  Data  Gb  main.o [1]
spiSequence             0x000372   0x16  Data  Gb  main.o [1]
strlen                  0x008fb6    0xd  Code  Gb  strlen.o [4]
timeCount               0x0003a2    0x4  Data  Gb  tim4.o [1]


[1] = E:\download\Thuc\project\FPT_LAB\FPT_Lab\autosar_doc\final project autosar\Finally-Assignment-AUTOSAR-\IAR_Project\Debug\Obj
[2] = command line
[3] = dbgstm8smd.a
[4] = dlstm8smn.a

  4 000 bytes of readonly  code memory
    163 bytes of readonly  data memory
  1 190 bytes of readwrite data memory

Errors: none
Warnings: none
