###############################################################################
#
# IAR ELF Linker V3.11.1.207 for STM8                     16/Aug/2019  16:08:45
# Copyright 2010-2019 IAR Systems AB.
#
#    Output file  =  
#        C:\Users\hera.fgatraining\Desktop\Finally-Assignment-AUTOSAR-\SPI_MASTER_AUTOSAR\Debug\Exe\TestReadIB.out
#    Map file     =  
#        C:\Users\hera.fgatraining\Desktop\Finally-Assignment-AUTOSAR-\SPI_MASTER_AUTOSAR\Debug\List\TestReadIB.map
#    Command line =  
#        -f C:\Users\HERA~1.FGA\AppData\Local\Temp\EW1817.tmp
#        (C:\Users\hera.fgatraining\Desktop\Finally-Assignment-AUTOSAR-\SPI_MASTER_AUTOSAR\Debug\Obj\clk.o
#        C:\Users\hera.fgatraining\Desktop\Finally-Assignment-AUTOSAR-\SPI_MASTER_AUTOSAR\Debug\Obj\exti.o
#        C:\Users\hera.fgatraining\Desktop\Finally-Assignment-AUTOSAR-\SPI_MASTER_AUTOSAR\Debug\Obj\gpio.o
#        C:\Users\hera.fgatraining\Desktop\Finally-Assignment-AUTOSAR-\SPI_MASTER_AUTOSAR\Debug\Obj\itc.o
#        C:\Users\hera.fgatraining\Desktop\Finally-Assignment-AUTOSAR-\SPI_MASTER_AUTOSAR\Debug\Obj\lcd.o
#        C:\Users\hera.fgatraining\Desktop\Finally-Assignment-AUTOSAR-\SPI_MASTER_AUTOSAR\Debug\Obj\main.o
#        C:\Users\hera.fgatraining\Desktop\Finally-Assignment-AUTOSAR-\SPI_MASTER_AUTOSAR\Debug\Obj\Spi.o
#        C:\Users\hera.fgatraining\Desktop\Finally-Assignment-AUTOSAR-\SPI_MASTER_AUTOSAR\Debug\Obj\spi_hw.o
#        C:\Users\hera.fgatraining\Desktop\Finally-Assignment-AUTOSAR-\SPI_MASTER_AUTOSAR\Debug\Obj\tim4.o
#        --redirect _Printf=_PrintfSmall --redirect _Scanf=_ScanfSmall
#        --no_out_extension -o
#        C:\Users\hera.fgatraining\Desktop\Finally-Assignment-AUTOSAR-\SPI_MASTER_AUTOSAR\Debug\Exe\TestReadIB.out
#        --map
#        C:\Users\hera.fgatraining\Desktop\Finally-Assignment-AUTOSAR-\SPI_MASTER_AUTOSAR\Debug\List\TestReadIB.map
#        --config "C:\Program Files (x86)\IAR Systems\Embedded Workbench
#        8.3\stm8\config\lnkstm8l152c6.icf" --config_def _CSTACK_SIZE=0x100
#        --config_def _HEAP_SIZE=0x100 --entry __iar_program_start --debug_lib)
#
###############################################################################

*******************************************************************************
*** RUNTIME MODEL ATTRIBUTES
***

__SystemLibrary            = DLib
__code_model               = small
__core                     = stm8
__data_model               = medium
__dlib_file_descriptor     = 0
__dlib_full_locale_support = 0
__rt_version               = 4


*******************************************************************************
*** PLACEMENT SUMMARY
***

"A0":  place at start of [0x000000-0x0000ff] { rw section .vregs };
"A1":  place at end of [0x000000-0x0007ff] { block CSTACK };
"P2":  place in [from 0x000000 to 0x0007ff] {
          block HEAP, rw section __DLIB_PERTHREAD, rw section .far.bss,
          rw section .far.data, rw section .far.noinit,
          rw section .far_func.textrw, rw section .huge.bss,
          rw section .huge.data, rw section .huge.noinit,
          rw section .huge_func.textrw, rw section .iar.dynexit,
          rw section .near.bss, rw section .near.data, rw section .near.noinit,
          rw section .near_func.textrw };
"A2":  place at start of [0x008000-0x00ffff] { block INTVEC };
"P3":  place in [from 0x008000 to 0x00ffff] {
          ro section __DLIB_PERTHREAD_init, ro section .far.data_init,
          ro section .far_func.textrw_init, ro section .huge.data_init,
          ro section .huge_func.textrw_init, ro section .iar.init_table,
          ro section .init_array, ro section .near.data_init,
          ro section .near.rodata, ro section .near_func.text,
          ro section .near_func.textrw_init, ro section .tiny.data_init,
          ro section .tiny.rodata_init };
"P4":  place in [from 0x008000 to 0x00ffff] {
          ro section .far.rodata, ro section .far_func.text };
"P5":  place in [from 0x008000 to 0x00ffff] {
          ro section .huge.rodata, ro section .huge_func.text };
do not initialize {
   rw section .eeprom.noinit, rw section .far.noinit, rw section .huge.noinit,
   rw section .near.noinit, rw section .tiny.noinit, rw section .vregs };

No sections matched the following patterns:

  ro section .far.data_init          in "P3-P5"
  ro section .far.rodata             in "P3-P5"
  ro section .far_func.text          in "P3-P5"
  ro section .far_func.textrw_init   in "P3-P5"
  ro section .huge.data_init         in "P3-P5"
  ro section .huge.rodata            in "P3-P5"
  ro section .huge_func.text         in "P3-P5"
  ro section .huge_func.textrw_init  in "P3-P5"
  ro section .iar.init_table         in "P3-P5"
  ro section .init_array             in "P3-P5"
  ro section .near.data_init         in "P3-P5"
  ro section .near_func.textrw_init  in "P3-P5"
  ro section .tiny.data_init         in "P3-P5"
  ro section .tiny.rodata_init       in "P3-P5"
  ro section __DLIB_PERTHREAD_init   in "P3-P5"
  rw section .far.bss                in "P2"
  rw section .far.data               in "P2"
  rw section .far.noinit             in "P2"
  rw section .far_func.textrw        in "P2"
  rw section .huge.bss               in "P2"
  rw section .huge.data              in "P2"
  rw section .huge.noinit            in "P2"
  rw section .huge_func.textrw       in "P2"
  rw section .iar.dynexit            in "P2"
  rw section .near.data              in "P2"
  rw section .near.noinit            in "P2"
  rw section .near_func.textrw       in "P2"
  rw section .tiny.bss               in "P1"
  rw section .tiny.data              in "P1"
  rw section .tiny.noinit            in "P1"
  rw section .tiny.rodata            in "P1"
  rw section __DLIB_PERTHREAD        in "P2"
  section .eeprom.data               in "P6-P8"
  section .eeprom.noinit             in "P6-P8"
  section .eeprom.rodata             in "P6-P8"


  Section          Kind      Address    Size  Object
  -------          ----      -------    ----  ------
"A0":                                   0x10
  .vregs           uninit   0x000000    0x10  vregs.o [4]
                          - 0x000010    0x10

"P2":                                  0x3a7
  .near.bss        zero     0x000010   0x31e  main.o [1]
  .near.bss        zero     0x00032e    0x46  main.o [1]
  .near.bss        zero     0x000374    0x18  main.o [1]
  .near.bss        zero     0x00038c    0x10  main.o [1]
  .near.bss        zero     0x00039c     0xa  Spi.o [1]
  .near.bss        zero     0x0003a6     0x4  main.o [1]
  .near.bss        zero     0x0003aa     0x4  tim4.o [1]
  .near.bss        zero     0x0003ae     0x3  Spi.o [1]
  .near.bss        zero     0x0003b1     0x2  Spi.o [1]
  .near.bss        zero     0x0003b3     0x1  main.o [1]
  .near.bss        zero     0x0003b4     0x1  main.o [1]
  .near.bss        zero     0x0003b5     0x1  main.o [1]
  .near.bss        zero     0x0003b6     0x1  Spi.o [1]
                          - 0x0003b7   0x3a7

"A1":                                  0x100
  CSTACK                    0x000700   0x100  <Block>
    CSTACK         uninit   0x000700   0x100  <Block tail>
                          - 0x000800   0x100

"A2":                                   0x80
  INTVEC                    0x008000    0x80  <Block>
    .intvec        const    0x008000    0x80  interrupt.o [4]
                          - 0x008080    0x80

"P3-P5":                              0x139b
  .near_func.text  ro code  0x008080   0x3a5  xprintfsmall.o [4]
  .near_func.text  ro code  0x008425   0x287  main.o [1]
  .near_func.text  ro code  0x0086ac   0x201  Spi.o [1]
  .near_func.text  ro code  0x0088ad   0x176  xprintfsmall.o [4]
  .near_func.text  ro code  0x008a23   0x12f  main.o [1]
  .near_func.text  ro code  0x008b52    0xf1  vreg_util.o [4]
  .near_func.text  ro code  0x008c43    0xdc  long.o [4]
  .near_func.text  ro code  0x008d1f    0xbd  Spi.o [1]
  .near_func.text  ro code  0x008ddc    0x91  gpio.o [1]
  .near_func.text  ro code  0x008e6d    0x83  Spi.o [1]
  .near_func.text  ro code  0x008ef0    0x51  Spi.o [1]
  .near_func.text  ro code  0x008f41    0x42  main.o [1]
  .near_func.text  ro code  0x008f83    0x3d  xprintfsmall.o [4]
  .near_func.text  ro code  0x008fc0    0x3b  long_util.o [4]
  .near_func.text  ro code  0x008ffb    0x38  spi_hw.o [1]
  .near_func.text  ro code  0x009033    0x37  xprintfsmall.o [4]
  .near_func.text  ro code  0x00906a    0x35  xprintfsmall.o [4]
  .near_func.text  ro code  0x00909f    0x32  main.o [1]
  .near_func.text  ro code  0x0090d1    0x2f  xprintfsmall.o [4]
  .near_func.text  ro code  0x009100    0x27  putchar.o [4]
  .near_func.text  ro code  0x009127    0x26  short.o [4]
  .near_func.text  ro code  0x00914d    0x25  gpio.o [1]
  .near_func.text  ro code  0x009172    0x22  main.o [1]
  .near_func.text  ro code  0x009194    0x21  exti.o [1]
  .near_func.text  ro code  0x0091b5    0x21  memchr.o [4]
  .iar.init_table  const    0x0091d6     0x8  - Linker created -
  .near_func.text  ro code  0x0091de    0x1e  init_small.o [4]
  .near_func.text  ro code  0x0091fc    0x1d  printf.o [4]
  .near_func.text  ro code  0x009219    0x1c  clk.o [1]
  .near_func.text  ro code  0x009235    0x1b  xprout.o [4]
  .near_func.text  ro code  0x009250    0x1a  main.o [1]
  .near_func.text  ro code  0x00926a    0x19  tim4.o [1]
  .near_func.text  ro code  0x009283    0x18  Spi.o [1]
  .near_func.text  ro code  0x00929b    0x17  Spi.o [1]
  .near_func.text  ro code  0x0092b2    0x16  __dbg_xxdwrite.o [3]
  .near_func.text  ro code  0x0092c8    0x15  strchr.o [4]
  .near_func.text  ro code  0x0092dd    0x14  init.o [4]
  .near_func.text  ro code  0x0092f1    0x14  xprintfsmall.o [4]
  .near_func.text  ro code  0x009305    0x14  __dbg_xxexit.o [3]
  .near_func.text  ro code  0x009319    0x13  cstartup.o [4]
  .near.rodata     const    0x00932c    0x11  main.o [1]
  .near.rodata     const    0x00933d    0x10  main.o [1]
  .near.rodata     const    0x00934d    0x10  main.o [1]
  .near_func.text  ro code  0x00935d     0xe  Spi.o [1]
  .near_func.text  ro code  0x00936b     0xd  spi_hw.o [1]
  .near_func.text  ro code  0x009378     0xd  strlen.o [4]
  .near.rodata     const    0x009385     0xc  main.o [1]
  .near_func.text  ro code  0x009391     0xc  spi_hw.o [1]
  .near_func.text  ro code  0x00939d     0xb  xprintfsmall.o [4]
  .near_func.text  ro code  0x0093a8     0xa  xprintfsmall.o [4]
  .near_func.text  ro code  0x0093b2     0x9  main.o [1]
  .near_func.text  ro code  0x0093bb     0x9  xprintfsmall.o [4]
  .near_func.text  ro code  0x0093c4     0x9  __dbg_xxwrite.o [3]
  .near.rodata     const    0x0093cd     0x8  main.o [1]
  .near.rodata     const    0x0093d5     0x8  main.o [1]
  .near_func.text  ro code  0x0093dd     0x8  Spi.o [1]
  .near_func.text  ro code  0x0093e5     0x8  xprintfsmall.o [4]
  .near.rodata     const    0x0093ed     0x7  xprintfsmall.o [4]
  .near_func.text  ro code  0x0093f4     0x6  xprintfsmall.o [4]
  .near_func.text  ro code  0x0093fa     0x6  xprintfsmall.o [4]
  .near_func.text  ro code  0x009400     0x5  main.o [1]
  .near_func.text  ro code  0x009405     0x5  cexit.o [4]
  .near_func.text  ro code  0x00940a     0x4  Spi.o [1]
  .near_func.text  ro code  0x00940e     0x3  interrupt.o [4]
  .near_func.text  ro code  0x009411     0x3  low_level_init.o [4]
  .near_func.text  ro code  0x009414     0x3  exit.o [4]
  .near_func.text  ro code  0x009417     0x3  unhandled_exception.o [4]
  .near_func.text  ro code  0x00941a     0x1  __dbg_break.o [3]
                          - 0x00941b  0x139b


*******************************************************************************
*** INIT TABLE
***

          Address   Size
          -------   ----
Zero (__iar_zero_init2)
    1 destination range, total size 0x3a7:
          0x000010  0x3a7



*******************************************************************************
*** MODULE SUMMARY
***

    Module                 ro code  ro data  rw data
    ------                 -------  -------  -------
C:\Users\hera.fgatraining\Desktop\Finally-Assignment-AUTOSAR-\SPI_MASTER_AUTOSAR\Debug\Obj: [1]
    Spi.o                      987                16
    clk.o                       28
    exti.o                      33
    gpio.o                     182
    main.o                   1 140       77      915
    spi_hw.o                    81
    tim4.o                      25                 4
    ------------------------------------------------
    Total:                   2 476       77      935

command line: [2]
    ------------------------------------------------
    Total:

dbgstm8smd.a: [3]
    __dbg_break.o                1
    __dbg_xxdwrite.o            22
    __dbg_xxexit.o              20
    __dbg_xxwrite.o              9
    ------------------------------------------------
    Total:                      52

dlstm8smn.a: [4]
    cexit.o                      5
    cstartup.o                  19
    exit.o                       3
    init.o                      20
    init_small.o                30
    interrupt.o                  3      128
    long.o                     220
    long_util.o                 59
    low_level_init.o             3
    memchr.o                    33
    printf.o                    29
    putchar.o                   39
    short.o                     38
    strchr.o                    21
    strlen.o                    13
    unhandled_exception.o        3
    vreg_util.o                241
    vregs.o                                       16
    xprintfsmall.o           1 593        7
    xprout.o                    27
    ------------------------------------------------
    Total:                   2 399      135       16

    Linker created                        8      256
----------------------------------------------------
    Grand Total:             4 927      220    1 207


*******************************************************************************
*** ENTRY LIST
***

Entry                    Address   Size  Type      Object
-----                    -------   ----  ----      ------
.iar.init_table$$Base   0x0091d6          --   Gb  - Linker created -
.iar.init_table$$Limit  0x0091de          --   Gb  - Linker created -
?and32_l0_l0_0x         0x008cef         Code  Gb  long.o [4]
?and32_l0_l0_l1         0x008cec         Code  Gb  long.o [4]
?b0                     0x000000         Data  Gb  vregs.o [4]
?b1                     0x000001         Data  Gb  vregs.o [4]
?b10                    0x00000a         Data  Gb  vregs.o [4]
?b11                    0x00000b         Data  Gb  vregs.o [4]
?b12                    0x00000c         Data  Gb  vregs.o [4]
?b13                    0x00000d         Data  Gb  vregs.o [4]
?b14                    0x00000e         Data  Gb  vregs.o [4]
?b15                    0x00000f         Data  Gb  vregs.o [4]
?b2                     0x000002         Data  Gb  vregs.o [4]
?b3                     0x000003         Data  Gb  vregs.o [4]
?b4                     0x000004         Data  Gb  vregs.o [4]
?b5                     0x000005         Data  Gb  vregs.o [4]
?b6                     0x000006         Data  Gb  vregs.o [4]
?b7                     0x000007         Data  Gb  vregs.o [4]
?b8                     0x000008         Data  Gb  vregs.o [4]
?b9                     0x000009         Data  Gb  vregs.o [4]
?dec32_0x_0x            0x008c6b         Code  Gb  long.o [4]
?dec32_l0_l0            0x008c66         Code  Gb  long.o [4]
?e0                     0x000001         Data  Gb  vregs.o [4]
?e1                     0x000005         Data  Gb  vregs.o [4]
?e2                     0x000009         Data  Gb  vregs.o [4]
?e3                     0x00000d         Data  Gb  vregs.o [4]
?epilogue_l2            0x008beb         Code  Gb  vreg_util.o [4]
?epilogue_l2_l3         0x008be8         Code  Gb  vreg_util.o [4]
?epilogue_w4            0x008bef         Code  Gb  vreg_util.o [4]
?inc32_0x_0x            0x008c58         Code  Gb  long.o [4]
?inc32_l0_l0            0x008c53         Code  Gb  long.o [4]
?l0                     0x000000         Data  Gb  vregs.o [4]
?l1                     0x000004         Data  Gb  vregs.o [4]
?l2                     0x000008         Data  Gb  vregs.o [4]
?l3                     0x00000c         Data  Gb  vregs.o [4]
?load32_0x_l0           0x008fed         Code  Gb  long_util.o [4]
?load32_asp_l0          0x008fe1         Code  Gb  long_util.o [4]
?load32_dbsp_l0         0x008fdc         Code  Gb  long_util.o [4]
?load32_l0_0x           0x008fd0         Code  Gb  long_util.o [4]
?load32_l0_asp          0x008fc5         Code  Gb  long_util.o [4]
?load32_l0_dbsp         0x008fc0         Code  Gb  long_util.o [4]
?load32_l0_xsp          0x008fc7         Code  Gb  long_util.o [4]
?load32_xsp_l0          0x008fe3         Code  Gb  long_util.o [4]
?mov_e0_e1              0x008c12         Code  Gb  vreg_util.o [4]
?mov_e0_e2              0x008c1f         Code  Gb  vreg_util.o [4]
?mov_e1_e0              0x008c2c         Code  Gb  vreg_util.o [4]
?mov_e2_e0              0x008c39         Code  Gb  vreg_util.o [4]
?mov_l0_l1              0x008c0f         Code  Gb  vreg_util.o [4]
?mov_l0_l2              0x008c1c         Code  Gb  vreg_util.o [4]
?mov_l1_l0              0x008c29         Code  Gb  vreg_util.o [4]
?mov_l2_l0              0x008c36         Code  Gb  vreg_util.o [4]
?mov_w0_w5              0x008bf3         Code  Gb  vreg_util.o [4]
?mov_w1_w3              0x008c15         Code  Gb  vreg_util.o [4]
?mov_w1_w5              0x008c22         Code  Gb  vreg_util.o [4]
?mov_w3_w1              0x008c2f         Code  Gb  vreg_util.o [4]
?mov_w4_w0              0x008bfa         Code  Gb  vreg_util.o [4]
?mov_w4_w1              0x008c01         Code  Gb  vreg_util.o [4]
?mov_w5_w0              0x008c08         Code  Gb  vreg_util.o [4]
?mov_w5_w1              0x008c3c         Code  Gb  vreg_util.o [4]
?mul16_x_x_w0           0x009127         Code  Gb  short.o [4]
?neg32_l0_l0            0x008c43         Code  Gb  long.o [4]
?pop_l0                 0x008bb4         Code  Gb  vreg_util.o [4]
?pop_l1                 0x008bbf         Code  Gb  vreg_util.o [4]
?pop_l2                 0x008bca         Code  Gb  vreg_util.o [4]
?pop_l3                 0x008bd5         Code  Gb  vreg_util.o [4]
?pop_w4                 0x008b74         Code  Gb  vreg_util.o [4]
?push_l0                0x008b83         Code  Gb  vreg_util.o [4]
?push_l1                0x008b88         Code  Gb  vreg_util.o [4]
?push_l2                0x008b8d         Code  Gb  vreg_util.o [4]
?push_l3                0x008b92         Code  Gb  vreg_util.o [4]
?push_w0                0x008b52         Code  Gb  vreg_util.o [4]
?push_w1                0x008b57         Code  Gb  vreg_util.o [4]
?push_w4                0x008b5c         Code  Gb  vreg_util.o [4]
?sext32_l0_a            0x008d12         Code  Gb  long.o [4]
?sext32_l0_x            0x008d07         Code  Gb  long.o [4]
?sll16_x_x_a            0x009145         Code  Gb  short.o [4]
?udiv32_l0_l0_l1        0x008c7f         Code  Gb  long.o [4]
?umod32_l1_l0_l1        0x008c7f         Code  Gb  long.o [4]
?w0                     0x000000         Data  Gb  vregs.o [4]
?w1                     0x000002         Data  Gb  vregs.o [4]
?w2                     0x000004         Data  Gb  vregs.o [4]
?w3                     0x000006         Data  Gb  vregs.o [4]
?w4                     0x000008         Data  Gb  vregs.o [4]
?w5                     0x00000a         Data  Gb  vregs.o [4]
?w6                     0x00000c         Data  Gb  vregs.o [4]
?w7                     0x00000e         Data  Gb  vregs.o [4]
CSTACK$$Base            0x000700          --   Gb  - Linker created -
CSTACK$$Limit           0x000800          --   Gb  - Linker created -
Clk_Init                0x009219   0x1c  Code  Gb  clk.o [1]
Control_CSN             0x008d2b   0x6d  Code  Gb  Spi.o [1]
EXTI_Handle_Bit_button_1
                        0x0093b2    0x9  Code  Gb  main.o [1]
EXTI_Handle_Bit_button_2
                        0x00909f   0x32  Code  Gb  main.o [1]
EXTI_Handle_Bit_button_cancel
                        0x009400    0x5  Code  Gb  main.o [1]
EXTI_Handle_Bit_button_stop
                        0x009172   0x22  Code  Gb  main.o [1]
Exti_Init               0x009194   0x21  Code  Gb  exti.o [1]
GPIO_Init               0x008ddc   0x91  Code  Gb  gpio.o [1]
GPIO_Write_Bit          0x00914d   0x25  Code  Gb  gpio.o [1]
Handle_Job_Finish_1     0x008f66    0xe  Code  Gb  main.o [1]
Handle_Job_Finish_2     0x008f74    0xf  Code  Gb  main.o [1]
INTVEC$$Base            0x008000          --   Gb  - Linker created -
INTVEC$$Limit           0x008080          --   Gb  - Linker created -
LoadInt                 0x008f83   0x3d  Code  Lc  xprintfsmall.o [4]
Print_Job_Status        0x008f41   0x25  Code  Gb  main.o [1]
Region$$Table$$Base     0x0091d6          --   Gb  - Linker created -
Region$$Table$$Limit    0x0091de          --   Gb  - Linker created -
SPI_Config              0x008425  0x287  Code  Gb  main.o [1]
SPI_HW_Cmd              0x00936b    0xd  Code  Gb  spi_hw.o [1]
SPI_HW_Init             0x008ffb   0x38  Code  Gb  spi_hw.o [1]
SPI_HW_Transync         0x009391    0xc  Code  Gb  spi_hw.o [1]
Spi_AsyncTransmit       0x0086ac  0x201  Code  Gb  Spi.o [1]
Spi_Delay               0x009283   0x18  Code  Gb  Spi.o [1]
Spi_GetJobResult        0x008d27    0x4  Code  Gb  Spi.o [1]
Spi_GetStatus           0x008d23    0x4  Code  Gb  Spi.o [1]
Spi_HW_Transaction      0x00935d    0xe  Code  Gb  Spi.o [1]
Spi_Init                0x008d98   0x44  Code  Gb  Spi.o [1]
Spi_Job_Cancel          0x00929b   0x17  Code  Gb  Spi.o [1]
Spi_Transaction_Channel
                        0x008ef0   0x51  Code  Gb  Spi.o [1]
Spi_WriteIB             0x008e6d   0x83  Code  Gb  Spi.o [1]
TIM4_UPD_OVF_TRG_IRQHandler
                        0x009250   0x1a  Code  Gb  main.o [1]
Tim4_Init               0x00926a   0x19  Code  Gb  tim4.o [1]
_LitobSmall             0x0088ad  0x176  Code  Lc  xprintfsmall.o [4]
_PrintfSmall            0x008080  0x3a5  Code  Gb  xprintfsmall.o [4]
_Prout                  0x009235   0x1b  Code  Gb  xprout.o [4]
_PutcharSmall           0x0090d1   0x2f  Code  Lc  xprintfsmall.o [4]
_PutcharsSmall          0x00906a   0x35  Code  Lc  xprintfsmall.o [4]
__DebugBreak            0x00941a    0x1  Code  Gb  __dbg_break.o [3]
__dwrite                0x0092b2   0x16  Code  Gb  __dbg_xxdwrite.o [3]
__exit                  0x009305   0x14  Code  Gb  __dbg_xxexit.o [3]
__iar_Memchr            0x0091b5   0x21  Code  Gb  memchr.o [4]
__iar_Strchr            0x0092c8   0x15  Code  Gb  strchr.o [4]
__iar_data_init2        0x0092dd   0x14  Code  Gb  init.o [4]
__iar_program_start     0x009319         Code  Gb  cstartup.o [4]
__iar_unhandled_exception
                        0x009417         Code  Gb  unhandled_exception.o [4]
__iar_zero_init2        0x0091de         Code  Gb  init_small.o [4]
__intvec                0x008000         Data  Gb  interrupt.o [4]
__low_level_init        0x009411    0x3  Code  Gb  low_level_init.o [4]
__write                 0x0093c4    0x9  Code  Gb  __dbg_xxwrite.o [3]
_exit                   0x009405         Code  Gb  cexit.o [4]
_interrupt_11           0x0093b2         Code  Gb  main.o [1]
_interrupt_12           0x00909f         Code  Gb  main.o [1]
_interrupt_13           0x009172         Code  Gb  main.o [1]
_interrupt_14           0x009400         Code  Gb  main.o [1]
_interrupt_27           0x009250         Code  Gb  main.o [1]
bt1_flag                0x0003b3    0x1  Data  Gb  main.o [1]
bt2_flag                0x0003b4    0x1  Data  Gb  main.o [1]
btstop_flag             0x0003b5    0x1  Data  Gb  main.o [1]
driverResultStatus      0x0003b6    0x1  Data  Gb  Spi.o [1]
exit                    0x009414    0x3  Code  Gb  exit.o [4]
jobResultStatus         0x0003ae    0x3  Data  Gb  Spi.o [1]
main                    0x008a23  0x12f  Code  Gb  main.o [1]
pad                     0x009033   0x37  Code  Lc  xprintfsmall.o [4]
printf                  0x0091fc   0x1d  Code  Gb  printf.o [4]
putchar                 0x009100   0x27  Code  Gb  putchar.o [4]
seqResultStatus         0x0003b1    0x2  Data  Gb  Spi.o [1]
setDriverStatus         0x008d1f    0x4  Code  Gb  Spi.o [1]
setJobStatus            0x00940a    0x4  Code  Gb  Spi.o [1]
setSequenceStatus       0x0093dd    0x8  Code  Gb  Spi.o [1]
spiBuffer               0x00038c   0x10  Data  Gb  main.o [1]
spiChannel              0x00032e   0x46  Data  Gb  main.o [1]
spiDriver               0x00039c    0xa  Data  Gb  Spi.o [1]
spiJob                  0x000010  0x31e  Data  Gb  main.o [1]
spiSequence             0x000374   0x18  Data  Gb  main.o [1]
strlen                  0x009378    0xd  Code  Gb  strlen.o [4]
timeCount               0x0003aa    0x4  Data  Gb  tim4.o [1]
user_buffer             0x0003a6    0x4  Data  Gb  main.o [1]


[1] = C:\Users\hera.fgatraining\Desktop\Finally-Assignment-AUTOSAR-\SPI_MASTER_AUTOSAR\Debug\Obj
[2] = command line
[3] = dbgstm8smd.a
[4] = dlstm8smn.a

  4 927 bytes of readonly  code memory
    220 bytes of readonly  data memory
  1 207 bytes of readwrite data memory

Errors: none
Warnings: none
